Template extents:
    From     Centre   To
X   182.7    200.0    217.3
Y   190.2    200.0    209.8
Z     0.3      8.7     17.0

Z    ? Retraction
17.0 +  3.0000 ***************
16.5    2.9664 ***************
16.0    2.9329 ***************
15.5    2.8993 **************
15.0    2.8658 **************
14.5    2.8322 **************
14.0    2.7987 **************
13.5    2.7651 **************
13.0    2.7315 **************
12.5    2.6980 *************
12.0    2.6644 *************
11.5    2.6309 *************
11.0    2.5973 *************
10.5    2.5638 *************
10.0    2.5302 *************
 9.5    2.4966 ************
 9.0    2.4631 ************
 8.5    2.4295 ************
 8.0    2.3960 ************
 7.5    2.3624 ************
 7.0    2.3289 ************
 6.5    2.2953 ***********
 6.0    2.2617 ***********
 5.5    2.2282 ***********
 5.0    2.1946 ***********
 4.5    2.1611 ***********
 4.0    2.1275 ***********
 3.5    2.0940 **********
 3.0    2.0604 **********
 2.5    2.0268 **********
 2.1 +  2.0000 **********

Will write output to: RetractionTest.gcode

Generating G code...


Output:
- 1061791 characters
- 34182 lines
- 32649 commands
- 32179 movement commands
- 170 unique Z values
- 303 retractions

<file_path>
